================================================
  IPv6 Crawler Pipeline - Validation Checker  
================================================

Checking Python 3.8+... [0;32m✓ Found Python 3.10.12[0m
Checking Python packages... [1;33m⚠ Missing packages. Run: pip install pandas lightgbm scikit-learn joblib pyarrow[0m
Checking Google Cloud SDK... [0;32m✓ Google Cloud SDK 567.0.0[0m
Checking GCP authentication... [0;32m✓ Authenticated[0m
Checking GCP project... [0;32m✓ Project: ipv6-490819[0m

Checking pipeline files...
  pipeline.py... [0;32m✓ Found[0m
  pipeline.sh... [1;33m⚠ Found but not executable[0m

Checking working directories...
  processed/... [0;32m✓ Exists[0m
  processed_gcloud/... [0;32m✓ Exists[0m
  models/... [0;32m✓ Exists[0m
  results/... [0;32m✓ Exists[0m

Checking for input data...
[0;32m✓ Found 3 input file(s)[0m
/ceph/project/IPv6-BOS/IPv6-Crawler/processed_gcloud/processed_metrics_04_05_26.csv
/ceph/project/IPv6-BOS/IPv6-Crawler/processed_gcloud/processed_metrics_20_04_26.csv
/ceph/project/IPv6-BOS/IPv6-Crawler/processed_gcloud/processed_metrics_new_20_04_2026.csv

================================================
  Validation Summary
================================================
[0;32m✓ Errors: 0[0m
[1;33m⚠ Warnings: 2[0m

[1;33m⚠ Pipeline can run but check warnings above.[0m
